[connectme-html.themeyn.com/index.html]
[backblue.gif]
[fade.gif]
[index.html]
[connectme-html.themeyn.com/images/favicon.ico]
[connectme-html.themeyn.com/assets/css/bundle1c4a.css]
[connectme-html.themeyn.com/assets/css/app1c4a.css]
[connectme-html.themeyn.com/contacts.html]
[connectme-html.themeyn.com/chat-bot.html]
[connectme-html.themeyn.com/chat-bot-s2.html]
[connectme-html.themeyn.com/stories.html]
[connectme-html.themeyn.com/chat-bot-welcome.html]
[connectme-html.themeyn.com/pricing.html]
[connectme-html.themeyn.com/faq.html]
[connectme-html.themeyn.com/ui-chat-replies.html]
[connectme-html.themeyn.com/ui-usecase-modals.html]
[connectme-html.themeyn.com/ui-elements.html]
[connectme-html.themeyn.com/images/avatar/1.jpg]
[connectme-html.themeyn.com/images/avatar/2.jpg]
[connectme-html.themeyn.com/images/avatar/3.jpg]
[connectme-html.themeyn.com/images/avatar/4.jpg]
[connectme-html.themeyn.com/profile.html]
[connectme-html.themeyn.com/login.html]
[connectme-html.themeyn.com/images/avatar/5.jpg]
[connectme-html.themeyn.com/images/avatar/6.jpg]
[connectme-html.themeyn.com/images/avatar/7.jpg]
[connectme-html.themeyn.com/images/avatar/8.jpg]
[connectme-html.themeyn.com/images/avatar/9.jpg]
[connectme-html.themeyn.com/images/avatar/10.jpg]
[connectme-html.themeyn.com/images/avatar/11.jpg]
[connectme-html.themeyn.com/images/gallery/video/hr-6.jpg]
[connectme-html.themeyn.com/images/gallery/chat/1.jpg]
[connectme-html.themeyn.com/images/gallery/chat/thumb-1.jpg]
[connectme-html.themeyn.com/images/gallery/chat/2.jpg]
[connectme-html.themeyn.com/images/gallery/chat/thumb-2.jpg]
[connectme-html.themeyn.com/images/gallery/chat/3.jpg]
[connectme-html.themeyn.com/images/gallery/chat/thumb-3.jpg]
[connectme-html.themeyn.com/images/gallery/chat/4.jpg]
[connectme-html.themeyn.com/images/gallery/chat/thumb-4.jpg]
[connectme-html.themeyn.com/images/gallery/chat/5.jpg]
[connectme-html.themeyn.com/images/gallery/chat/thumb-5.jpg]
[connectme-html.themeyn.com/images/cover/1.jpg]
[connectme-html.themeyn.com/images/gallery/chat/6.jpg]
[connectme-html.themeyn.com/images/gallery/chat/thumb-6.jpg]
[connectme-html.themeyn.com/images/gallery/video/hr-1.jpg]
[connectme-html.themeyn.com/images/gallery/video/hr-2.jpg]
[connectme-html.themeyn.com/images/gallery/video/hr-3.jpg]
[connectme-html.themeyn.com/images/gallery/video/hr-4.jpg]
[connectme-html.themeyn.com/images/gallery/video/vr-5.jpg]
[connectme-html.themeyn.com/images/gallery/chat/thumb-7.jpg]
[connectme-html.themeyn.com/images/gallery/chat/thumb-8.jpg]
[connectme-html.themeyn.com/images/v-cover/1.jpg]
[connectme-html.themeyn.com/images/v-cover/2.jpg]
[connectme-html.themeyn.com/index.html]
[connectme-html.themeyn.com/assets/css/bundle1c4a.css]
[connectme-html.themeyn.com/assets/css/app1c4a.css]
[connectme-html.themeyn.com/assets/js/app1c4a.js]
[connectme-html.themeyn.com/assets/js/bundle1c4a.js]
[connectme-html.themeyn.com/images/cover/2.jpg]
[connectme-html.themeyn.com/images/avatar/12.jpg]
[connectme-html.themeyn.com/images/avatar/13.jpg]
[connectme-html.themeyn.com/images/avatar/14.jpg]
[connectme-html.themeyn.com/images/avatar/15.jpg]
[connectme-html.themeyn.com/images/avatar/16.jpg]
[connectme-html.themeyn.com/images/avatar/17.jpg]
[connectme-html.themeyn.com/images/avatar/18.jpg]
[connectme-html.themeyn.com/images/avatar/19.jpg]
[connectme-html.themeyn.com/images/gallery/contact/1.jpg]
[connectme-html.themeyn.com/images/gallery/contact/thumb-1.jpg]
[connectme-html.themeyn.com/images/gallery/contact/2.jpg]
[connectme-html.themeyn.com/images/gallery/contact/thumb-2.jpg]
[connectme-html.themeyn.com/images/gallery/contact/3.jpg]
[connectme-html.themeyn.com/images/gallery/contact/thumb-3.jpg]
[connectme-html.themeyn.com/images/gallery/contact/4.jpg]
[connectme-html.themeyn.com/images/gallery/contact/thumb-4.jpg]
[connectme-html.themeyn.com/images/gallery/contact/5.jpg]
[connectme-html.themeyn.com/images/gallery/contact/thumb-5.jpg]
[connectme-html.themeyn.com/images/gallery/contact/6.jpg]
[connectme-html.themeyn.com/images/gallery/contact/thumb-6.jpg]
[connectme-html.themeyn.com/images/gallery/contact/7.jpg]
[connectme-html.themeyn.com/images/gallery/contact/thumb-7.jpg]
[connectme-html.themeyn.com/images/gallery/contact/8.jpg]
[connectme-html.themeyn.com/images/gallery/contact/thumb-8.jpg]
[connectme-html.themeyn.com/images/gallery/contact/9.jpg]
[connectme-html.themeyn.com/images/gallery/contact/thumb-9.jpg]
[connectme-html.themeyn.com/images/gallery/contact/10.jpg]
[connectme-html.themeyn.com/images/gallery/contact/thumb-10.jpg]
[connectme-html.themeyn.com/images/gallery/contact/11.jpg]
[connectme-html.themeyn.com/images/gallery/contact/thumb-11.jpg]
[connectme-html.themeyn.com/images/gallery/contact/12.jpg]
[connectme-html.themeyn.com/images/gallery/contact/thumb-12.jpg]
[connectme-html.themeyn.com/images/gallery/contact/13.jpg]
[connectme-html.themeyn.com/images/gallery/contact/thumb-13.jpg]
[connectme-html.themeyn.com/images/gallery/contact/14.jpg]
[connectme-html.themeyn.com/images/gallery/contact/thumb-14.jpg]
[connectme-html.themeyn.com/images/gallery/contact/15.jpg]
[connectme-html.themeyn.com/images/gallery/contact/thumb-15.jpg]
[connectme-html.themeyn.com/images/gallery/contact/16.jpg]
[connectme-html.themeyn.com/images/gallery/contact/thumb-16.jpg]
[connectme-html.themeyn.com/images/stories/1.jpg]
[connectme-html.themeyn.com/images/stories/2.jpg]
[connectme-html.themeyn.com/images/stories/3.jpg]
[connectme-html.themeyn.com/images/stories/4.jpg]
[connectme-html.themeyn.com/images/stories/5.jpg]
[connectme-html.themeyn.com/images/stories/6.jpg]
[connectme-html.themeyn.com/images/stories/thumb-1.jpg]
[connectme-html.themeyn.com/images/stories/thumb-2.jpg]
[connectme-html.themeyn.com/images/stories/thumb-3.jpg]
[connectme-html.themeyn.com/images/stories/thumb-4.jpg]
[connectme-html.themeyn.com/images/stories/thumb-5.jpg]
[connectme-html.themeyn.com/images/stories/thumb-6.jpg]
[connectme-html.themeyn.com/contacts.html]
[connectme-html.themeyn.com/images/avatar/bot-1.jpg]
[connectme-html.themeyn.com/chat-bot.html]
[connectme-html.themeyn.com/chat-bot-s2.html]
[connectme-html.themeyn.com/stories.html]
[connectme-html.themeyn.com/chat-bot-welcome.html]
[connectme-html.themeyn.com/pricing.html]
[connectme-html.themeyn.com/faq.html]
[connectme-html.themeyn.com/ui-chat-replies.html]
[connectme-html.themeyn.com/ui-usecase-modals.html]
[connectme-html.themeyn.com/profilef99c.html]
[connectme-html.themeyn.com/profiled1a7.html]
[connectme-html.themeyn.com/ui-elements.html]
[connectme-html.themeyn.com/profile.html]
[connectme-html.themeyn.com/profilefedd.html]
[connectme-html.themeyn.com/forgot.html]
[connectme-html.themeyn.com/login.html]
[connectme-html.themeyn.com/profilef99c.html]
[connectme-html.themeyn.com/profiled1a7.html]
[connectme-html.themeyn.com/profilefedd.html]
[connectme-html.themeyn.com/forgot.html]
[connectme-html.themeyn.com/register.html]
[connectme-html.themeyn.com/register.html]
